// Jest Snapshot v1, https://goo.gl/fbAQLP

exports[`Box Renders Correctly 1`] = `
.c0 {
  height: 10px;
  width: 10px;
  display: block;
}

<div
  className="c0"
  display="block"
  height={10}
  width={10}
/>
`;
